// Jest Snapshot v1, https://goo.gl/fbAQLP

exports[`FlightDetail snapshot test show airline logo 1`] = `
<div
  className="flight-details"
>
  <div
    className="logo"
  >
    <div>
      <img
        className="ui tiny rounded image"
        src="/airlineLogo/dl.svg"
      />
    </div>
  </div>
  <div
    className="details"
  >
    <div>
      DL
      -
      90
    </div>
    <div>
      USA
       &gt; 
      HKG
    </div>
    <div>
      Depart: 
      04:25am
    </div>
    <div>
      Arrival: 
      06:09am
    </div>
  </div>
</div>
`;
